{"race": "Protoss", "build": "Air", "map": "AbyssalReefLE", "status": "error", "result": null}
{"race": "Protoss", "build": "Macro", "map": "AbyssalReefLE", "status": "error", "result": null}
{"race": "Terran", "build": "Air", "map": "AbyssalReefLE", "status": "error", "result": null}
{"race": "Zerg", "build": "Air", "map": "AbyssalReefLE", "status": "error", "result": null}
{"race": "Zerg", "build": "Macro", "map": "AbyssalReefLE", "status": "error", "result": null}
{"race": "Terran", "build": "Macro", "map": "AbyssalReefLE", "status": "error", "result": null}
{"race": "Protoss", "build": "Power", "map": "AbyssalReefLE", "status": "error", "result": null}
{"race": "Terran", "build": "Power", "map": "AbyssalReefLE", "status": "error", "result": null}
{"race": "Zerg", "build": "Power", "map": "AbyssalReefLE", "status": "error", "result": null}
{"race": "Protoss", "build": "Rush", "map": "AbyssalReefLE", "status": "error", "result": null}
{"race": "Terran", "build": "Rush", "map": "AbyssalReefLE", "status": "error", "result": null}
{"race": "Zerg", "build": "Rush", "map": "AbyssalReefLE", "status": "error", "result": null}
{"race": "Protoss", "build": "Timing", "map": "AbyssalReefLE", "status": "error", "result": null}
{"race": "Terran", "build": "Timing", "map": "AbyssalReefLE", "status": "error", "result": null}
{"race": "Protoss", "build": "Air", "map": "AcropolisLE", "status": "error", "result": null}
{"race": "Zerg", "build": "Timing", "map": "AbyssalReefLE", "status": "error", "result": null}
{"race": "Zerg", "build": "Air", "map": "AcropolisLE", "status": "error", "result": null}
{"race": "Terran", "build": "Air", "map": "AcropolisLE", "status": "error", "result": null}
{"race": "Protoss", "build": "Macro", "map": "AcropolisLE", "status": "error", "result": null}
{"race": "Terran", "build": "Macro", "map": "AcropolisLE", "status": "error", "result": null}
{"race": "Zerg", "build": "Macro", "map": "AcropolisLE", "status": "error", "result": null}
{"race": "Protoss", "build": "Power", "map": "AcropolisLE", "status": "error", "result": null}
{"race": "Terran", "build": "Power", "map": "AcropolisLE", "status": "error", "result": null}
{"race": "Zerg", "build": "Power", "map": "AcropolisLE", "status": "error", "result": null}
{"race": "Terran", "build": "Rush", "map": "AcropolisLE", "status": "error", "result": null}
{"race": "Protoss", "build": "Rush", "map": "AcropolisLE", "status": "error", "result": null}
{"race": "Zerg", "build": "Rush", "map": "AcropolisLE", "status": "error", "result": null}
{"race": "Protoss", "build": "Timing", "map": "AcropolisLE", "status": "error", "result": null}
{"race": "Zerg", "build": "Timing", "map": "AcropolisLE", "status": "error", "result": null}
{"race": "Terran", "build": "Timing", "map": "AcropolisLE", "status": "error", "result": null}
{"wins": 0, "games": 30}
