{"race": "Protoss", "build": "Macro", "map": "AbyssalReefLE", "status": "completed", "result": "Victory"}
{"race": "Zerg", "build": "Air", "map": "AbyssalReefLE", "status": "completed", "result": "Victory"}
{"race": "Protoss", "build": "Air", "map": "AbyssalReefLE", "status": "completed", "result": "Victory"}
{"race": "Terran", "build": "Air", "map": "AbyssalReefLE", "status": "truncated", "result": "Tie"}
{"race": "Terran", "build": "Macro", "map": "AbyssalReefLE", "status": "completed", "result": "Victory"}
{"race": "Protoss", "build": "Power", "map": "AbyssalReefLE", "status": "completed", "result": "Defeat"}
{"race": "Zerg", "build": "Macro", "map": "AbyssalReefLE", "status": "completed", "result": "Victory"}
{"race": "Terran", "build": "Rush", "map": "AbyssalReefLE", "status": "completed", "result": "Defeat"}
{"race": "Terran", "build": "Power", "map": "AbyssalReefLE", "status": "completed", "result": "Defeat"}
{"race": "Protoss", "build": "Rush", "map": "AbyssalReefLE", "status": "completed", "result": "Victory"}
{"race": "Zerg", "build": "Power", "map": "AbyssalReefLE", "status": "completed", "result": "Victory"}
{"race": "Zerg", "build": "Rush", "map": "AbyssalReefLE", "status": "completed", "result": "Defeat"}
{"race": "Protoss", "build": "Timing", "map": "AbyssalReefLE", "status": "completed", "result": "Defeat"}
{"race": "Terran", "build": "Timing", "map": "AbyssalReefLE", "status": "completed", "result": "Victory"}
{"race": "Zerg", "build": "Timing", "map": "AbyssalReefLE", "status": "completed", "result": "Victory"}
{"race": "Protoss", "build": "Air", "map": "AcropolisLE", "status": "completed", "result": "Defeat"}
{"race": "Terran", "build": "Air", "map": "AcropolisLE", "status": "completed", "result": "Victory"}
{"race": "Zerg", "build": "Air", "map": "AcropolisLE", "status": "completed", "result": "Victory"}
{"race": "Terran", "build": "Macro", "map": "AcropolisLE", "status": "truncated", "result": "Tie"}
{"race": "Protoss", "build": "Macro", "map": "AcropolisLE", "status": "truncated", "result": "Tie"}
{"race": "Zerg", "build": "Macro", "map": "AcropolisLE", "status": "completed", "result": "Victory"}
{"race": "Protoss", "build": "Power", "map": "AcropolisLE", "status": "completed", "result": "Victory"}
{"race": "Terran", "build": "Power", "map": "AcropolisLE", "status": "completed", "result": "Defeat"}
{"race": "Protoss", "build": "Rush", "map": "AcropolisLE", "status": "completed", "result": "Victory"}
{"race": "Zerg", "build": "Power", "map": "AcropolisLE", "status": "truncated", "result": "Tie"}
{"race": "Terran", "build": "Rush", "map": "AcropolisLE", "status": "truncated", "result": "Tie"}
{"race": "Zerg", "build": "Rush", "map": "AcropolisLE", "status": "completed", "result": "Victory"}
{"race": "Protoss", "build": "Timing", "map": "AcropolisLE", "status": "completed", "result": "Victory"}
{"race": "Terran", "build": "Timing", "map": "AcropolisLE", "status": "completed", "result": "Victory"}
{"race": "Zerg", "build": "Timing", "map": "AcropolisLE", "status": "completed", "result": "Victory"}
{"wins": 18, "games": 30}
