{"race": "Zerg", "build": "Air", "map": "CatalystLE", "status": "completed", "result": "Victory"}
{"race": "Protoss", "build": "Air", "map": "CatalystLE", "status": "completed", "result": "Victory"}
{"race": "Protoss", "build": "Macro", "map": "CatalystLE", "status": "completed", "result": "Victory"}
{"race": "Terran", "build": "Air", "map": "CatalystLE", "status": "completed", "result": "Victory"}
{"race": "Zerg", "build": "Macro", "map": "CatalystLE", "status": "completed", "result": "Victory"}
{"race": "Terran", "build": "Power", "map": "CatalystLE", "status": "completed", "result": "Defeat"}
{"race": "Zerg", "build": "Power", "map": "CatalystLE", "status": "completed", "result": "Victory"}
{"race": "Protoss", "build": "Power", "map": "CatalystLE", "status": "completed", "result": "Victory"}
{"race": "Terran", "build": "Macro", "map": "CatalystLE", "status": "completed", "result": "Defeat"}
{"race": "Protoss", "build": "Rush", "map": "CatalystLE", "status": "completed", "result": "Victory"}
{"race": "Zerg", "build": "Rush", "map": "CatalystLE", "status": "completed", "result": "Victory"}
{"race": "Terran", "build": "Rush", "map": "CatalystLE", "status": "completed", "result": "Victory"}
{"race": "Protoss", "build": "Timing", "map": "CatalystLE", "status": "completed", "result": "Victory"}
{"race": "Zerg", "build": "Timing", "map": "CatalystLE", "status": "completed", "result": "Victory"}
{"race": "Protoss", "build": "Air", "map": "InterloperLE", "status": "completed", "result": "Victory"}
{"race": "Terran", "build": "Timing", "map": "CatalystLE", "status": "completed", "result": "Victory"}
{"race": "Zerg", "build": "Air", "map": "InterloperLE", "status": "completed", "result": "Victory"}
{"race": "Terran", "build": "Air", "map": "InterloperLE", "status": "completed", "result": "Victory"}
{"race": "Protoss", "build": "Macro", "map": "InterloperLE", "status": "completed", "result": "Victory"}
{"race": "Zerg", "build": "Macro", "map": "InterloperLE", "status": "completed", "result": "Victory"}
{"race": "Terran", "build": "Macro", "map": "InterloperLE", "status": "completed", "result": "Victory"}
{"race": "Zerg", "build": "Power", "map": "InterloperLE", "status": "completed", "result": "Victory"}
{"race": "Protoss", "build": "Power", "map": "InterloperLE", "status": "completed", "result": "Victory"}
{"race": "Protoss", "build": "Rush", "map": "InterloperLE", "status": "completed", "result": "Victory"}
{"race": "Zerg", "build": "Rush", "map": "InterloperLE", "status": "completed", "result": "Victory"}
{"race": "Terran", "build": "Power", "map": "InterloperLE", "status": "completed", "result": "Defeat"}
{"race": "Terran", "build": "Rush", "map": "InterloperLE", "status": "completed", "result": "Victory"}
{"race": "Terran", "build": "Timing", "map": "InterloperLE", "status": "completed", "result": "Victory"}
{"race": "Protoss", "build": "Air", "map": "OdysseyLE", "status": "completed", "result": "Victory"}
{"race": "Zerg", "build": "Timing", "map": "InterloperLE", "status": "completed", "result": "Victory"}
{"race": "Protoss", "build": "Timing", "map": "InterloperLE", "status": "completed", "result": "Defeat"}
{"race": "Zerg", "build": "Air", "map": "OdysseyLE", "status": "completed", "result": "Victory"}
{"race": "Protoss", "build": "Macro", "map": "OdysseyLE", "status": "completed", "result": "Victory"}
{"race": "Terran", "build": "Air", "map": "OdysseyLE", "status": "completed", "result": "Victory"}
{"race": "Zerg", "build": "Macro", "map": "OdysseyLE", "status": "completed", "result": "Victory"}
{"race": "Terran", "build": "Macro", "map": "OdysseyLE", "status": "completed", "result": "Defeat"}
{"race": "Protoss", "build": "Power", "map": "OdysseyLE", "status": "completed", "result": "Victory"}
{"race": "Zerg", "build": "Power", "map": "OdysseyLE", "status": "completed", "result": "Victory"}
{"race": "Protoss", "build": "Rush", "map": "OdysseyLE", "status": "completed", "result": "Victory"}
{"race": "Terran", "build": "Rush", "map": "OdysseyLE", "status": "completed", "result": "Victory"}
{"race": "Zerg", "build": "Rush", "map": "OdysseyLE", "status": "completed", "result": "Victory"}
{"race": "Terran", "build": "Power", "map": "OdysseyLE", "status": "completed", "result": "Defeat"}
{"race": "Zerg", "build": "Timing", "map": "OdysseyLE", "status": "completed", "result": "Victory"}
{"race": "Terran", "build": "Timing", "map": "OdysseyLE", "status": "completed", "result": "Victory"}
{"race": "Protoss", "build": "Timing", "map": "OdysseyLE", "status": "completed", "result": "Victory"}
{"wins": 39, "games": 45}
