{"variant": "zero", "build": "Rush", "map": "AbyssalReefLE", "seed": 920001, "status": "completed", "result": "Victory", "seconds": 579.6428571428572}
{"variant": "zero", "build": "Timing", "map": "AbyssalReefLE", "seed": 920003, "status": "completed", "result": "Victory", "seconds": 648.9285714285714}
{"variant": "zero", "build": "Rush", "map": "AcropolisLE", "seed": 920000, "status": "completed", "result": "Victory", "seconds": 645.3571428571429}
{"variant": "zero", "build": "Power", "map": "AcropolisLE", "seed": 920004, "status": "completed", "result": "Victory", "seconds": 742.8571428571429}
{"variant": "zero", "build": "Timing", "map": "AcropolisLE", "seed": 920002, "status": "completed", "result": "Victory", "seconds": 993.2142857142858}
{"variant": "zero", "build": "Macro", "map": "AcropolisLE", "seed": 920006, "status": "completed", "result": "Victory", "seconds": 575.3571428571429}
{"variant": "zero", "build": "Macro", "map": "AbyssalReefLE", "seed": 920007, "status": "completed", "result": "Defeat", "seconds": 798.2142857142858}
{"variant": "zero", "build": "Air", "map": "AcropolisLE", "seed": 920008, "status": "completed", "result": "Victory", "seconds": 688.2142857142858}
{"variant": "zero", "build": "Power", "map": "AbyssalReefLE", "seed": 920005, "status": "completed", "result": "Victory", "seconds": 951.0714285714287}
{"variant": "zero", "build": "Air", "map": "AbyssalReefLE", "seed": 920009, "status": "completed", "result": "Victory", "seconds": 748.9285714285714}
{"variant": "zero", "build": "Rush", "map": "AbyssalReefLE", "seed": 920011, "status": "completed", "result": "Victory", "seconds": 626.7857142857143}
{"variant": "zero", "build": "Rush", "map": "AcropolisLE", "seed": 920010, "status": "completed", "result": "Victory", "seconds": 761.7857142857143}
{"variant": "zero", "build": "Timing", "map": "AcropolisLE", "seed": 920012, "status": "completed", "result": "Victory", "seconds": 735.3571428571429}
{"variant": "zero", "build": "Timing", "map": "AbyssalReefLE", "seed": 920013, "status": "completed", "result": "Victory", "seconds": 718.9285714285714}
{"variant": "zero", "build": "Power", "map": "AcropolisLE", "seed": 920014, "status": "completed", "result": "Victory", "seconds": 908.2142857142858}
{"variant": "zero", "build": "Macro", "map": "AcropolisLE", "seed": 920016, "status": "completed", "result": "Victory", "seconds": 832.8571428571429}
{"variant": "zero", "build": "Air", "map": "AcropolisLE", "seed": 920018, "status": "completed", "result": "Victory", "seconds": 699.6428571428572}
{"variant": "zero", "build": "Power", "map": "AbyssalReefLE", "seed": 920015, "status": "completed", "result": "Victory", "seconds": 969.6428571428572}
{"variant": "zero", "build": "Air", "map": "AbyssalReefLE", "seed": 920019, "status": "completed", "result": "Victory", "seconds": 659.2857142857143}
{"variant": "zero", "build": "Macro", "map": "AbyssalReefLE", "seed": 920017, "status": "truncated", "result": "Tie", "seconds": 1200.0}
{"summary": {"zero": {"Rush": 4, "Timing": 4, "Power": 4, "Macro": 2, "Air": 4, "total": 18}}}
