{"variant": "zero", "build": "Rush", "map": "AbyssalReefLE", "seed": 920001, "status": "completed", "result": "Victory", "seconds": 601.7857142857143}
{"variant": "zero", "build": "Timing", "map": "AcropolisLE", "seed": 920002, "status": "completed", "result": "Victory", "seconds": 590.7142857142858}
{"variant": "zero", "build": "Rush", "map": "AcropolisLE", "seed": 920000, "status": "completed", "result": "Victory", "seconds": 649.2857142857143}
{"variant": "zero", "build": "Power", "map": "AcropolisLE", "seed": 920004, "status": "completed", "result": "Victory", "seconds": 734.6428571428572}
{"variant": "zero", "build": "Timing", "map": "AbyssalReefLE", "seed": 920003, "status": "completed", "result": "Victory", "seconds": 901.4285714285714}
{"variant": "zero", "build": "Macro", "map": "AcropolisLE", "seed": 920006, "status": "completed", "result": "Victory", "seconds": 658.5714285714287}
{"variant": "zero", "build": "Air", "map": "AcropolisLE", "seed": 920008, "status": "completed", "result": "Victory", "seconds": 688.2142857142858}
{"variant": "zero", "build": "Power", "map": "AbyssalReefLE", "seed": 920005, "status": "completed", "result": "Victory", "seconds": 883.5714285714287}
{"variant": "zero", "build": "Rush", "map": "AcropolisLE", "seed": 920010, "status": "completed", "result": "Victory", "seconds": 696.4285714285714}
{"variant": "zero", "build": "Macro", "map": "AbyssalReefLE", "seed": 920007, "status": "truncated", "result": "Tie", "seconds": 1200.0}
{"variant": "zero", "build": "Air", "map": "AbyssalReefLE", "seed": 920009, "status": "completed", "result": "Victory", "seconds": 1031.4285714285716}
{"variant": "zero", "build": "Rush", "map": "AbyssalReefLE", "seed": 920011, "status": "completed", "result": "Victory", "seconds": 658.2142857142858}
{"variant": "zero", "build": "Timing", "map": "AcropolisLE", "seed": 920012, "status": "completed", "result": "Victory", "seconds": 628.5714285714286}
{"variant": "zero", "build": "Timing", "map": "AbyssalReefLE", "seed": 920013, "status": "completed", "result": "Victory", "seconds": 686.7857142857143}
{"variant": "zero", "build": "Power", "map": "AcropolisLE", "seed": 920014, "status": "completed", "result": "Defeat", "seconds": 899.2857142857143}
{"variant": "zero", "build": "Macro", "map": "AcropolisLE", "seed": 920016, "status": "completed", "result": "Victory", "seconds": 830.3571428571429}
{"variant": "zero", "build": "Power", "map": "AbyssalReefLE", "seed": 920015, "status": "completed", "result": "Defeat", "seconds": 1106.0714285714287}
{"variant": "zero", "build": "Air", "map": "AcropolisLE", "seed": 920018, "status": "completed", "result": "Victory", "seconds": 699.6428571428572}
{"variant": "zero", "build": "Macro", "map": "AbyssalReefLE", "seed": 920017, "status": "completed", "result": "Victory", "seconds": 1003.9285714285714}
{"variant": "zero", "build": "Air", "map": "AbyssalReefLE", "seed": 920019, "status": "completed", "result": "Victory", "seconds": 653.5714285714287}
{"summary": {"zero": {"Rush": 4, "Timing": 4, "Power": 2, "Macro": 3, "Air": 4, "total": 17}}}
