{"variant": "zero", "build": "Rush", "map": "AbyssalReefLE", "seed": 920001, "status": "completed", "result": "Victory", "seconds": 600.7142857142858}
{"variant": "zero", "build": "Timing", "map": "AcropolisLE", "seed": 920002, "status": "completed", "result": "Victory", "seconds": 603.2142857142858}
{"variant": "zero", "build": "Timing", "map": "AbyssalReefLE", "seed": 920003, "status": "completed", "result": "Victory", "seconds": 705.0}
{"variant": "zero", "build": "Power", "map": "AcropolisLE", "seed": 920004, "status": "completed", "result": "Victory", "seconds": 787.8571428571429}
{"variant": "zero", "build": "Rush", "map": "AcropolisLE", "seed": 920000, "status": "completed", "result": "Victory", "seconds": 1117.142857142857}
{"variant": "zero", "build": "Macro", "map": "AcropolisLE", "seed": 920006, "status": "completed", "result": "Victory", "seconds": 795.3571428571429}
{"variant": "zero", "build": "Air", "map": "AbyssalReefLE", "seed": 920009, "status": "completed", "result": "Victory", "seconds": 597.8571428571429}
{"variant": "zero", "build": "Macro", "map": "AbyssalReefLE", "seed": 920007, "status": "completed", "result": "Defeat", "seconds": 949.2857142857143}
{"variant": "zero", "build": "Power", "map": "AbyssalReefLE", "seed": 920005, "status": "completed", "result": "Defeat", "seconds": 1155.0}
{"variant": "zero", "build": "Air", "map": "AcropolisLE", "seed": 920008, "status": "completed", "result": "Victory", "seconds": 774.2857142857143}
{"variant": "zero", "build": "Rush", "map": "AbyssalReefLE", "seed": 920011, "status": "completed", "result": "Defeat", "seconds": 404.28571428571433}
{"variant": "zero", "build": "Timing", "map": "AcropolisLE", "seed": 920012, "status": "completed", "result": "Victory", "seconds": 600.7142857142858}
{"variant": "zero", "build": "Timing", "map": "AbyssalReefLE", "seed": 920013, "status": "completed", "result": "Victory", "seconds": 618.2142857142858}
{"variant": "zero", "build": "Rush", "map": "AcropolisLE", "seed": 920010, "status": "completed", "result": "Defeat", "seconds": 1138.9285714285716}
{"variant": "zero", "build": "Power", "map": "AcropolisLE", "seed": 920014, "status": "completed", "result": "Defeat", "seconds": 908.5714285714287}
{"variant": "zero", "build": "Power", "map": "AbyssalReefLE", "seed": 920015, "status": "completed", "result": "Victory", "seconds": 843.9285714285714}
{"variant": "zero", "build": "Air", "map": "AcropolisLE", "seed": 920018, "status": "completed", "result": "Victory", "seconds": 670.0}
{"variant": "zero", "build": "Macro", "map": "AbyssalReefLE", "seed": 920017, "status": "completed", "result": "Victory", "seconds": 836.7857142857143}
{"variant": "zero", "build": "Macro", "map": "AcropolisLE", "seed": 920016, "status": "completed", "result": "Victory", "seconds": 916.4285714285714}
{"variant": "zero", "build": "Air", "map": "AbyssalReefLE", "seed": 920019, "status": "completed", "result": "Victory", "seconds": 1024.2857142857144}
{"summary": {"zero": {"Rush": 2, "Timing": 4, "Power": 2, "Macro": 3, "Air": 4, "total": 15}}}
